---
source: crates/wasm-cli/tests/test.rs
expression: output
---
Print diagnostics about the local state

Usage: wasm self state [OPTIONS]

Options:
  -h, --help     Print help
  -V, --version  Print version

Global Options:
      --color <WHEN>  When to use colored output [default: auto] [possible values: auto, always, never]
      --offline       Run in offline mode
