---
source: crates/wasm-cli/tests/test.rs
expression: output
---
Pull a component from the registry

Usage: wasm registry pull [OPTIONS] <REFERENCE>

Arguments:
  <REFERENCE>  The reference to pull

Options:
  -h, --help     Print help
  -V, --version  Print version

Global Options:
      --color <WHEN>  When to use colored output [default: auto] [possible values: auto, always, never]
      --offline       Run in offline mode
