---
source: crates/wasm-cli/tests/test.rs
expression: output
---
Search for packages across configured registries

Usage: wasm registry search [OPTIONS] <QUERY>

Arguments:
  <QUERY>  Search query (matches package name and description)

Options:
      --limit <LIMIT>  Maximum number of results to show [default: 20]
  -h, --help           Print help
  -V, --version        Print version

Global Options:
      --color <WHEN>  When to use colored output [default: auto] [possible values: auto, always, never]
      --offline       Run in offline mode
