---
source: crates/wasm-cli/tests/test.rs
expression: output
---
Inspect the metadata of a package on the registry

Usage: wasm registry inspect [OPTIONS] <REFERENCE>

Arguments:
  <REFERENCE>  The reference to inspect (e.g., ghcr.io/example/component:tag)

Options:
      --json        Output in JSON encoding
  -v, --verbose...  Increase logging verbosity
  -q, --quiet...    Decrease logging verbosity
  -h, --help        Print help
  -V, --version     Print version

Global Options:
      --color <WHEN>  When to use colored output [default: auto] [possible values: auto, always, never]
      --offline       Run in offline mode
