---
source: crates/wasm-cli/tests/test.rs
expression: output
---
Manage images, components, and interfaces in OCI registries

Usage: wasm registry [OPTIONS] <COMMAND>

Commands:
  show    Fetch OCI metadata for a component
  pull    Pull a component from the registry
  push    
  tags    List all available tags for a component
  search  Search for packages across configured registries
  sync    Force-sync the package index from the configured meta-registry
  help    Print this message or the help of the given subcommand(s)

Options:
  -h, --help
          Print help (see a summary with '-h')

  -V, --version
          Print version

Global Options:
      --color <WHEN>
          When to use colored output.
          
          Can also be controlled via environment variables: - NO_COLOR=1 (disables color) - CLICOLOR=0 (disables color) - CLICOLOR_FORCE=1 (forces color)
          
          [default: auto]
          [possible values: auto, always, never]

      --offline
          Run in offline mode.
          
          Disables all network operations. Commands that require network access will fail with an error. Local-only commands will continue to work.
