---
source: crates/wasm-cli/tests/test.rs
expression: output
---
Execute a Wasm Component

Usage: wasm run [OPTIONS] <INPUT>

Arguments:
  <INPUT>  Local file path, OCI reference, or manifest key (scope:component) for a Wasm Component

Options:
      --env <KEY=VAL>    Pass an environment variable to the guest (repeatable)
      --dir <HOST_PATH>  Pre-open a host directory for the guest (repeatable)
      --inherit-env      Inherit all host environment variables
  -v, --verbose...       Increase logging verbosity
      --inherit-network  Allow the guest to access the network
  -q, --quiet...         Decrease logging verbosity
      --no-stdio         Suppress stdin/stdout/stderr inheritance
  -h, --help             Print help
  -V, --version          Print version

Global Options:
      --color <WHEN>  When to use colored output [default: auto] [possible values: auto, always, never]
      --offline       Run in offline mode
