---
source: crates/wasm-cli/tests/test.rs
expression: output
---
Delete a package from the local store

Usage: wasm registry delete [OPTIONS] <REFERENCE>

Arguments:
  <REFERENCE>  The reference to delete (e.g., ghcr.io/example/component:tag)

Options:
  -h, --help     Print help
  -V, --version  Print version

Global Options:
      --color <WHEN>  When to use colored output [default: auto] [possible values: auto, always, never]
      --offline       Run in offline mode
