---
source: crates/wasm-cli/tests/test.rs
expression: output
---
List all installed packages

Usage: wasm registry list [OPTIONS]

Options:
  -v, --verbose...  Increase logging verbosity
  -q, --quiet...    Decrease logging verbosity
  -h, --help        Print help
  -V, --version     Print version

Global Options:
      --color <WHEN>  When to use colored output [default: auto] [possible values: auto, always, never]
      --offline       Run in offline mode
