---
source: crates/wasm-cli/tests/test.rs
expression: output
---
List local WASM files in the current directory

Usage: wasm local list [OPTIONS] [PATH]

Arguments:
  [PATH]  Directory to search for WASM files (defaults to current directory) [default: .]

Options:
      --hidden        Include hidden files and directories
      --follow-links  Follow symbolic links
  -v, --verbose...    Increase logging verbosity
  -q, --quiet...      Decrease logging verbosity
  -h, --help          Print help
  -V, --version       Print version

Global Options:
      --color <WHEN>  When to use colored output [default: auto] [possible values: auto, always, never]
      --offline       Run in offline mode
